<html>
<body>
<pre>
<h1>µVision Build Log</h1>
<h2>Tool Versions:</h2>
IDE-Version: µVision V5.31.0.0
Copyright (C) 2020 ARM Ltd and ARM Germany GmbH. All rights reserved.
License Information: osama Windows, HP Inc., LIC=----
 
Tool Versions:
Toolchain:       MDK-Lite  Version: 5.31.0.0
Toolchain Path:  C:\Keil_v5\ARM\ARMCLANG\Bin
C Compiler:      ArmClang.exe V6.14
Assembler:       Armasm.exe V6.14
Linker/Locator:  ArmLink.exe V6.14
Library Manager: ArmAr.exe V6.14
Hex Converter:   FromElf.exe V6.14
CPU DLL:         SARMCM3.DLL V5.31.0.0
Dialog DLL:      DCM.DLL V1.17.3.0
Target DLL:      STLink\ST-LINKIII-KEIL_SWO.dll V3.0.7.0
Dialog DLL:      TCM.DLL V1.46.0.0
 
<h2>Project:</h2>
D:\Can_Protcole\Can_RX\STD_CAN\STD_CAN.uvprojx
Project File Date:  02/03/2021

<h2>Output:</h2>
*** Using Compiler 'V6.14', folder: 'C:\Keil_v5\ARM\ARMCLANG\Bin'
Build target 'stm32f103xx'
Files/main.c(1): warning: In file included from...
Files/STD_TYPES.h(12): warning: '/*' within block comment [-Wcomment]
/*typedef signed char             s8  ;
^
Files/main.c(2): warning: In file included from...
Files/BIT_MATH.h(12): warning: 'SET_BIT' macro redefined [-Wmacro-redefined]
#define    SET_BIT(REG,BIT)    (REG |= (1 << BIT))
           ^
C:/Users/osama hejazi/AppData/Local/Arm/Packs/Keil/STM32F1xx_DFP/2.3.0/Device/Include\stm32f10x.h(8309): note: previous definition is here
#define SET_BIT(REG, BIT)     ((REG) |= (BIT))
        ^
Files/main.c(2): warning: In file included from...
Files/BIT_MATH.h(27): warning: 'SET_BIT' macro redefined [-Wmacro-redefined]
#define SET_BIT(REG,BIT) (REG|=(1<<BIT))
        ^
Files/BIT_MATH.h(12): note: previous definition is here
#define    SET_BIT(REG,BIT)    (REG |= (1 << BIT))
           ^
Files/BIT_MATH.h(30): warning: 'CLEAR_BIT' macro redefined [-Wmacro-redefined]
#define CLEAR_BIT(REG,BIT) (REG&=(~(1<<BIT)))
        ^
C:/Users/osama hejazi/AppData/Local/Arm/Packs/Keil/STM32F1xx_DFP/2.3.0/Device/Include\stm32f10x.h(8311): note: previous definition is here
#define CLEAR_BIT(REG, BIT)   ((REG) &= ~(BIT))
        ^
Files/main.c(2): warning: In file included from...
Files/BIT_MATH.h(48): warning: 'GET_BIT' macro redefined [-Wmacro-redefined]
#define GET_BIT(REG,BIT)  ((REG >> BIT) & 1  )
        ^
Files/BIT_MATH.h(18): note: previous definition is here
#define    GET_BIT(REG,BIT)    ((REG>>BIT) & 1)
           ^
Files/main.c(4): warning: In file included from...
Files/GPIO_interface2.h(15): warning: 'GPIOA' macro redefined [-Wmacro-redefined]
#define GPIOA        0
        ^
C:/Users/osama hejazi/AppData/Local/Arm/Packs/Keil/STM32F1xx_DFP/2.3.0/Device/Include\stm32f10x.h(1413): note: previous definition is here
#define GPIOA               ((GPIO_TypeDef *) GPIOA_BASE)
        ^
Files/main.c(4): warning: In file included from...
Files/GPIO_interface2.h(16): warning: 'GPIOB' macro redefined [-Wmacro-redefined]
#define GPIOB        1
        ^
C:/Users/osama hejazi/AppData/Local/Arm/Packs/Keil/STM32F1xx_DFP/2.3.0/Device/Include\stm32f10x.h(1414): note: previous definition is here
#define GPIOB               ((GPIO_TypeDef *) GPIOB_BASE)
        ^
Files/main.c(4): warning: In file included from...
Files/GPIO_interface2.h(17): warning: 'GPIOC' macro redefined [-Wmacro-redefined]
#define GPIOC        2
        ^
C:/Users/osama hejazi/AppData/Local/Arm/Packs/Keil/STM32F1xx_DFP/2.3.0/Device/Include\stm32f10x.h(1415): note: previous definition is here
#define GPIOC               ((GPIO_TypeDef *) GPIOC_BASE)
        ^
Files/main.c(6): warning: In file included from...
Files/NVIC_Interface.h(18): warning: 'WWDG' macro redefined [-Wmacro-redefined]
#define     WWDG                                0             /*Window Watchdog interrupt*/
            ^
C:/Users/osama hejazi/AppData/Local/Arm/Packs/Keil/STM32F1xx_DFP/2.3.0/Device/Include\stm32f10x.h(1395): note: previous definition is here
#define WWDG                ((WWDG_TypeDef *) WWDG_BASE)
        ^
Files/main.c(6): warning: In file included from...
Files/NVIC_Interface.h(21): warning: 'RTC' macro redefined [-Wmacro-redefined]
#define     RTC                                 3              /*RTC GLOBAL INTERRUPT*/
            ^
C:/Users/osama hejazi/AppData/Local/Arm/Packs/Keil/STM32F1xx_DFP/2.3.0/Device/Include\stm32f10x.h(1394): note: previous definition is here
#define RTC                 ((RTC_TypeDef *) RTC_BASE)
        ^
Files/main.c(6): warning: In file included from...
Files/NVIC_Interface.h(22): warning: 'FLASH' macro redefined [-Wmacro-redefined]
#define     FLASH                               4              /*FLASH GLOBALINTERRUPT*/
            ^
C:/Users/osama hejazi/AppData/Local/Arm/Packs/Keil/STM32F1xx_DFP/2.3.0/Device/Include\stm32f10x.h(1450): note: previous definition is here
#define FLASH               ((FLASH_TypeDef *) FLASH_R_BASE)
        ^
Files/main.c(6): warning: In file included from...
Files/NVIC_Interface.h(23): warning: 'RCC' macro redefined [-Wmacro-redefined]
#define     RCC                         5              /*RCC global interrupt*/
            ^
C:/Users/osama hejazi/AppData/Local/Arm/Packs/Keil/STM32F1xx_DFP/2.3.0/Device/Include\stm32f10x.h(1448): note: previous definition is here
#define RCC                 ((RCC_TypeDef *) RCC_BASE)
        ^
Files/main.c(6): warning: In file included from...
Files/NVIC_Interface.h(36): warning: 'ADC3' macro redefined [-Wmacro-redefined]
#define     ADC3                                47
            ^
C:/Users/osama hejazi/AppData/Local/Arm/Packs/Keil/STM32F1xx_DFP/2.3.0/Device/Include\stm32f10x.h(1426): note: previous definition is here
#define ADC3                ((ADC_TypeDef *) ADC3_BASE)
        ^
Files/main.c(6): warning: In file included from...
Files/NVIC_Interface.h(39): warning: 'SPI1' macro redefined [-Wmacro-redefined]
#define     SPI1                                35
            ^
C:/Users/osama hejazi/AppData/Local/Arm/Packs/Keil/STM32F1xx_DFP/2.3.0/Device/Include\stm32f10x.h(1423): note: previous definition is here
#define SPI1                ((SPI_TypeDef *) SPI1_BASE)
        ^
Files/main.c(6): warning: In file included from...
Files/NVIC_Interface.h(40): warning: 'SPI2' macro redefined [-Wmacro-redefined]
#define     SPI2                                36              
            ^
C:/Users/osama hejazi/AppData/Local/Arm/Packs/Keil/STM32F1xx_DFP/2.3.0/Device/Include\stm32f10x.h(1397): note: previous definition is here
#define SPI2                ((SPI_TypeDef *) SPI2_BASE)
        ^
Files/main.c(6): warning: In file included from...
Files/NVIC_Interface.h(41): warning: 'SPI3' macro redefined [-Wmacro-redefined]
#define     SPI3                                51
            ^
C:/Users/osama hejazi/AppData/Local/Arm/Packs/Keil/STM32F1xx_DFP/2.3.0/Device/Include\stm32f10x.h(1398): note: previous definition is here
#define SPI3                ((SPI_TypeDef *) SPI3_BASE)
        ^
Files/main.c(6): warning: In file included from...
Files/NVIC_Interface.h(49): warning: 'TIM2' macro redefined [-Wmacro-redefined]
#define     TIM2                                28
            ^
C:/Users/osama hejazi/AppData/Local/Arm/Packs/Keil/STM32F1xx_DFP/2.3.0/Device/Include\stm32f10x.h(1385): note: previous definition is here
#define TIM2                ((TIM_TypeDef *) TIM2_BASE)
        ^
Files/main.c(6): warning: In file included from...
Files/NVIC_Interface.h(50): warning: 'TIM3' macro redefined [-Wmacro-redefined]
#define     TIM3                                29
            ^
C:/Users/osama hejazi/AppData/Local/Arm/Packs/Keil/STM32F1xx_DFP/2.3.0/Device/Include\stm32f10x.h(1386): note: previous definition is here
#define TIM3                ((TIM_TypeDef *) TIM3_BASE)
        ^
Files/main.c(6): warning: In file included from...
Files/NVIC_Interface.h(51): warning: 'TIM4' macro redefined [-Wmacro-redefined]
#define     TIM4                                30
            ^
C:/Users/osama hejazi/AppData/Local/Arm/Packs/Keil/STM32F1xx_DFP/2.3.0/Device/Include\stm32f10x.h(1387): note: previous definition is here
#define TIM4                ((TIM_TypeDef *) TIM4_BASE)
        ^
Files/main.c(6): warning: In file included from...
Files/NVIC_Interface.h(52): warning: 'TIM5' macro redefined [-Wmacro-redefined]
#define     TIM5                                50
            ^
C:/Users/osama hejazi/AppData/Local/Arm/Packs/Keil/STM32F1xx_DFP/2.3.0/Device/Include\stm32f10x.h(1388): note: previous definition is here
#define TIM5                ((TIM_TypeDef *) TIM5_BASE)
        ^
Files/main.c(6): warning: In file included from...
Files/NVIC_Interface.h(53): warning: 'TIM6' macro redefined [-Wmacro-redefined]
#define     TIM6                                54
            ^
C:/Users/osama hejazi/AppData/Local/Arm/Packs/Keil/STM32F1xx_DFP/2.3.0/Device/Include\stm32f10x.h(1389): note: previous definition is here
#define TIM6                ((TIM_TypeDef *) TIM6_BASE)
        ^
Files/main.c(6): warning: In file included from...
Files/NVIC_Interface.h(54): warning: 'TIM7' macro redefined [-Wmacro-redefined]
#define     TIM7                                55
            ^
C:/Users/osama hejazi/AppData/Local/Arm/Packs/Keil/STM32F1xx_DFP/2.3.0/Device/Include\stm32f10x.h(1390): note: previous definition is here
#define TIM7                ((TIM_TypeDef *) TIM7_BASE)
        ^
Files/main.c(6): warning: In file included from...
Files/NVIC_Interface.h(62): warning: 'USART1' macro redefined [-Wmacro-redefined]
#define     USART1                              37
            ^
C:/Users/osama hejazi/AppData/Local/Arm/Packs/Keil/STM32F1xx_DFP/2.3.0/Device/Include\stm32f10x.h(1425): note: previous definition is here
#define USART1              ((USART_TypeDef *) USART1_BASE)
        ^
Files/main.c(6): warning: In file included from...
Files/NVIC_Interface.h(63): warning: 'USART2' macro redefined [-Wmacro-redefined]
#define     USART2                              38
            ^
C:/Users/osama hejazi/AppData/Local/Arm/Packs/Keil/STM32F1xx_DFP/2.3.0/Device/Include\stm32f10x.h(1399): note: previous definition is here
#define USART2              ((USART_TypeDef *) USART2_BASE)
        ^
Files/main.c(6): warning: In file included from...
Files/NVIC_Interface.h(64): warning: 'USART3' macro redefined [-Wmacro-redefined]
#define     USART3                              39
            ^
C:/Users/osama hejazi/AppData/Local/Arm/Packs/Keil/STM32F1xx_DFP/2.3.0/Device/Include\stm32f10x.h(1400): note: previous definition is here
#define USART3              ((USART_TypeDef *) USART3_BASE)
        ^
Files/main.c(6): warning: In file included from...
Files/NVIC_Interface.h(65): warning: 'UART4' macro redefined [-Wmacro-redefined]
#define     UART4                               52
            ^
C:/Users/osama hejazi/AppData/Local/Arm/Packs/Keil/STM32F1xx_DFP/2.3.0/Device/Include\stm32f10x.h(1401): note: previous definition is here
#define UART4               ((USART_TypeDef *) UART4_BASE)
        ^
Files/main.c(6): warning: In file included from...
Files/NVIC_Interface.h(66): warning: 'UART5' macro redefined [-Wmacro-redefined]
#define     UART5                               53
            ^
C:/Users/osama hejazi/AppData/Local/Arm/Packs/Keil/STM32F1xx_DFP/2.3.0/Device/Include\stm32f10x.h(1402): note: previous definition is here
#define UART5               ((USART_TypeDef *) UART5_BASE)
        ^
Files/main.c(6): warning: In file included from...
Files/NVIC_Interface.h(98): warning: 'SDIO' macro redefined [-Wmacro-redefined]
#define     SDIO              49        /*SDIO global interrupt*/
            ^
C:/Users/osama hejazi/AppData/Local/Arm/Packs/Keil/STM32F1xx_DFP/2.3.0/Device/Include\stm32f10x.h(1433): note: previous definition is here
#define SDIO                ((SDIO_TypeDef *) SDIO_BASE)
        ^
Files/main.c(7): warning: non-portable path to file '"USART_interface.h"'; specified path differs in case from file name on disk [-Wnonportable-include-path]
#include "USART_Interface.h"
         ^~~~~~~~~~~~~~~~~~~
         "USART_interface.h"
Files/main.c(34): warning: binary integer literals are a GNU extension [-Wgnu-binary-literal]
                 GPIO_VoidSetPinDirection(GPIOA,PIN11 , INPUT_FLOATING);   
                                                        ^
Files/GPIO_interface2.h(50): note: expanded from macro 'INPUT_FLOATING'
#define        INPUT_FLOATING            0b0100
                                         ^
Files/main.c(35): warning: binary integer literals are a GNU extension [-Wgnu-binary-literal]
                       GPIO_VoidSetPinDirection(GPIOA,PIN12 , OUTPUT_2MHZ_AFPP); 
                                                              ^
Files/GPIO_interface2.h(62): note: expanded from macro 'OUTPUT_2MHZ_AFPP'
#define       OUTPUT_2MHZ_AFPP            0b1010
                                          ^
Files/main.c(57): warning: no newline at end of file [-Wnewline-eof]
}
 ^
Files/main.c(21): warning: unused variable 'RxxMessage' [-Wunused-variable]
CanRxMsg   RxxMessage ;
           ^
Files/main.c(8): warning: In file included from...
Files/CAN.h(185): warning: padding size of 'CAN_FilterInitTypeDef' with 3 bytes to alignment boundary [-Wpadded]
typedef struct
        ^
Files/CAN.h(229): warning: padding struct 'CanRxMsg' with 2 bytes to align 'ID' [-Wpadded]
        u32 ID;  // message identifier
            ^
Files/CAN.h(223): warning: padding size of 'CanRxMsg' with 2 bytes to alignment boundary [-Wpadded]
typedef struct {
        ^
36 warnings generated.
compiling main.c...
linking...
Program Size: Code=2144 RO-data=312 RW-data=0 ZI-data=1648  
FromELF: creating hex file...
".\Objects\STD_CAN.axf" - 0 Error(s), 36 Warning(s).

<h2>Software Packages used:</h2>

Package Vendor: ARM
                http://www.keil.com/pack/ARM.CMSIS.5.7.0.pack
                ARM.CMSIS.5.7.0
                CMSIS (Cortex Microcontroller Software Interface Standard)
   * Component: CORE Version: 5.4.0

Package Vendor: Keil
                http://www.keil.com/pack/Keil.STM32F1xx_DFP.2.3.0.pack
                Keil.STM32F1xx_DFP.2.3.0
                STMicroelectronics STM32F1 Series Device Support, Drivers and Examples
   * Component: Startup Version: 1.0.0

<h2>Collection of Component include folders:</h2>
  .\RTE\Device\STM32F103C8
  .\RTE\_stm32f103xx
  C:\Users\osama hejazi\AppData\Local\Arm\Packs\ARM\CMSIS\5.7.0\CMSIS\Core\Include
  C:\Users\osama hejazi\AppData\Local\Arm\Packs\Keil\STM32F1xx_DFP\2.3.0\Device\Include

<h2>Collection of Component Files used:</h2>

   * Component: ARM::CMSIS:CORE:5.4.0

   * Component: Keil::Device:Startup:1.0.0
      Source file:   Device\Source\ARM\startup_stm32f10x_md.s
      Include file:  RTE_Driver\Config\RTE_Device.h
      Source file:   Device\Source\ARM\STM32F1xx_OPT.s
      Source file:   Device\Source\system_stm32f10x.c
Build Time Elapsed:  00:00:03
</pre>
</body>
</html>
