
Memory Configuration

Name             Origin             Length             Attributes
FLASH            0x08001000         0x00000800         xr
SRAM             0x20000000         0x00005000         xrw
*default*        0x00000000         0xffffffff

Linker script and memory map

LOAD main.o
LOAD GPIO_Program.o
LOAD RCC_Program.o
LOAD stm32_startup.o
LOAD STK_Program.o

.text           0x08001000      0x618
 *(.isr_vector)
 .isr_vector    0x08001000      0x12c stm32_startup.o
                0x08001000                vectors
 main.o(.text)
 .text          0x0800112c       0x40 main.o
                0x0800112c                main
 RCC_Program.o(.text)
 .text          0x0800116c      0x12c RCC_Program.o
                0x0800116c                RCC_voidInitSysClock
                0x0800118c                RCC_voidEnableClock
                0x08001210                RCC_voidDisableClock
 GPIO_Program.o(.text)
 .text          0x08001298      0x2f4 GPIO_Program.o
                0x08001298                MGPIO_voidSetPinMode
                0x08001448                MGPIO_voidSetPinValue
                0x0800150c                MGPIO_u8GetPinValue
 stm32_startup.o(.text)
 .text          0x0800158c       0x8c stm32_startup.o
                0x0800158c                RTC_Alarm_IRQHandler
                0x0800158c                EXTI2_IRQHandler
                0x0800158c                TIM8_TRG_COM_IRQHandler
                0x0800158c                TIM8_CC_IRQHandler
                0x0800158c                DebugMon_Handler
                0x0800158c                TIM1_CC_IRQHandler
                0x0800158c                HardFault_Handler
                0x0800158c                TAMP_IRQHandler
                0x0800158c                TIM6_IRQHandler
                0x0800158c                PVD_IRQHandler
                0x0800158c                SDIO_IRQHandler
                0x0800158c                PendSV_Handler
                0x0800158c                NMI_Handler
                0x0800158c                EXTI3_IRQHandler
                0x0800158c                USB_HP_CAN_RX_IRQHandler
                0x0800158c                USB_HP_CAN_TX_IRQHandler
                0x0800158c                EXTI0_IRQHandler
                0x0800158c                I2C2_EV_IRQHandler
                0x0800158c                UsageFault_Handler
                0x0800158c                ADC1_2_IRQHandler
                0x0800158c                SPI1_IRQHandler
                0x0800158c                DMA1_Channel0_IRQHandler
                0x0800158c                TIM8_UP_IRQHandler
                0x0800158c                DMA2_Channel2_IRQHandler
                0x0800158c                DMA1_Channel4_IRQHandler
                0x0800158c                USART3_IRQHandler
                0x0800158c                RTC_IRQHandler
                0x0800158c                DMA1_Channel7_IRQHandler
                0x0800158c                USB_WKUP_IRQHandler
                0x0800158c                CAN1_RX1_IRQHandler
                0x0800158c                UART5_IRQHandler
                0x0800158c                ADC3_IRQHandler
                0x0800158c                TIM4_IRQHandler
                0x0800158c                DMA2_Channel1_IRQHandler
                0x0800158c                I2C1_EV_IRQHandler
                0x0800158c                DMA1_Channel6_IRQHandler
                0x0800158c                UART4_IRQHandler
                0x0800158c                TIM3_IRQHandler
                0x0800158c                RCC_IRQHandler
                0x0800158c                TIM1_TRG_COM_IRQHandler
                0x0800158c                DMA1_Channel1_IRQHandler
                0x0800158c                Default_Handler
                0x0800158c                EXTI15_10_IRQHandler
                0x0800158c                TIM7_IRQHandler
                0x0800158c                DMA2_Channel0_IRQHandler
                0x0800158c                TIM5_IRQHandler
                0x0800158c                EXTI9_5_IRQHandler
                0x0800158c                SPI2_IRQHandler
                0x0800158c                MemManage_Handler
                0x0800158c                SVC_Handler
                0x0800158c                DMA1_Channel5_IRQHandler
                0x0800158c                EXTI4_IRQHandler
                0x0800158c                DMA1_Channel3_IRQHandler
                0x0800158c                FSMC_IRQHandler
                0x0800158c                TIM1_UP_IRQHandler
                0x0800158c                WWDG_IRQHandler
                0x0800158c                TIM2_IRQHandler
                0x0800158c                TIM1_BRK_IRQHandler
                0x0800158c                EXTI1_IRQHandler
                0x0800158c                DMA2_Channel4_5_IRQHandler
                0x0800158c                USART2_IRQHandler
                0x0800158c                I2C2_ER_IRQHandler
                0x0800158c                DMA1_Channel2_IRQHandler
                0x0800158c                TIM8_BRK_IRQHandler
                0x0800158c                CAN1_SCE_IRQHandler
                0x0800158c                FLASH_IRQHandler
                0x0800158c                BusFault_Handler
                0x0800158c                USART1_IRQHandler
                0x0800158c                SPI3_IRQHandler
                0x0800158c                I2C1_ER_IRQHandler
                0x0800158c                DMA2_Channel3_IRQHandler
                0x08001592                Reset_Handler
 *(.rodata)
                0x08001618                . = ALIGN (0x4)
                0x08001618                _etext = .

.glue_7         0x08001618        0x0
 .glue_7        0x08001618        0x0 linker stubs

.glue_7t        0x08001618        0x0
 .glue_7t       0x08001618        0x0 linker stubs

.vfp11_veneer   0x08001618        0x0
 .vfp11_veneer  0x08001618        0x0 linker stubs

.v4_bx          0x08001618        0x0
 .v4_bx         0x08001618        0x0 linker stubs

.iplt           0x08001618        0x0
 .iplt          0x08001618        0x0 main.o

.data           0x20000000        0x0 load address 0x08001618
                0x20000000                _sdata = .
 *(.data)
 .data          0x20000000        0x0 main.o
 .data          0x20000000        0x0 GPIO_Program.o
 .data          0x20000000        0x0 RCC_Program.o
 .data          0x20000000        0x0 stm32_startup.o
 .data          0x20000000        0x0 STK_Program.o
                0x20000000                . = ALIGN (0x4)
                0x20000000                _edata = .

.igot.plt       0x20000000        0x0 load address 0x08001618
 .igot.plt      0x20000000        0x0 main.o

.SHARED_LIB     0x08001618      0x1c0
 STK_Program.o(.text)
 .text          0x08001618      0x1c0 STK_Program.o
                0x08001618                STK_voidInit
                0x08001634                STK_voidSetBusyWait
                0x08001684                STK_voidSetIntervalSingle
                0x080016d0                STK_voidSetIntervalPeriodic
                0x0800171c                STK_voidStopInterval
                0x08001750                STK_uint32GetElapsedTime
                0x08001774                STK_uint32GetRemainingTime
                0x08001790                SysTick_Handler
 STK_Program.o(.rodata)

.rel.dyn        0x080017d8        0x0
 .rel.iplt      0x080017d8        0x0 main.o

.bss            0x20000000        0x8
                0x20000000                _sbss = .
 *(.bss)
 .bss           0x20000000        0x0 main.o
 .bss           0x20000000        0x0 GPIO_Program.o
 .bss           0x20000000        0x0 RCC_Program.o
 .bss           0x20000000        0x0 stm32_startup.o
 .bss           0x20000000        0x5 STK_Program.o
                0x20000008                . = ALIGN (0x4)
 *fill*         0x20000005        0x3 
                0x20000008                _ebss = .
OUTPUT(final.elf elf32-littlearm)
LOAD linker stubs

.comment        0x00000000       0x4c
 .comment       0x00000000       0x4c main.o
                                 0x4d (size before relaxing)
 .comment       0x0000004c       0x4d GPIO_Program.o
 .comment       0x0000004c       0x4d RCC_Program.o
 .comment       0x0000004c       0x4d stm32_startup.o
 .comment       0x0000004c       0x4d STK_Program.o

.ARM.attributes
                0x00000000       0x2d
 .ARM.attributes
                0x00000000       0x2d main.o
 .ARM.attributes
                0x0000002d       0x2d GPIO_Program.o
 .ARM.attributes
                0x0000005a       0x2d RCC_Program.o
 .ARM.attributes
                0x00000087       0x2d stm32_startup.o
 .ARM.attributes
                0x000000b4       0x2d STK_Program.o
